// Jest Snapshot v1, https://goo.gl/fbAQLP

exports[`Error should render correctly 1`] = `
<styled.div>
  <strong>
    Error. 
  </strong>
  error message
</styled.div>
`;
